Testing GPT-5 Native Extraction for: C:\Users\GaneshBhat\Downloads\Samples\Samples\Race\Charge\523-2022-04007_AmendedChargeofDiscrimination_1 (1).pdf
1. Uploading file...
File uploaded successfully. ID: assistant-GhDd36n2vmN3jPTkZmrfVc
2. Calling GPT-5 Chat Completions (Native Document Test)...
Chat Completions failed with status 400: {
  "error": {
    "message": "Invalid value: 'input_file'. Supported values are: 'text', 'image_url', 'input_audio', 'refusal', 'audio', and 'file'.",
    "type": "invalid_request_error",
    "param": "messages[1].content[1].type",
    "code": "invalid_value"
  }
}
Falling back to testing multimodal Responses API without Code Interpreter...
3. Calling GPT-5 Responses API (No tools test)...
Responses API failed: 400 - {"error":{"code":"BadRequest","message":"API version not supported"}}
